// Jest Snapshot v1, https://goo.gl/fbAQLP

exports[`test if Header renders Header correctly 1`] = `
<div>
  <h1
    className="bigHeading"
  >
    Math Magicians
  </h1>
</div>
`;
